2025-11-16 20:24:25.119 19383-19383 VRI[ProjectActivity]    com.example.on_track_app             D  onFocusEvent false
2025-11-16 20:24:25.125 19383-19383 VRI[MainActivity]       com.example.on_track_app             D  setWindowStopped stopped:false
2025-11-16 20:24:25.127 19383-19383 OnBackInvokedCallback   com.example.on_track_app             W  OnBackInvokedCallback is not enabled for the application.
                                                                                                    Set 'android:enableOnBackInvokedCallback="true"' in the application manifest.
2025-11-16 20:24:25.152 19383-19383 BufferQueueConsumer     com.example.on_track_app             D  [](id:4bb700000002,api:0,p:-1,c:19383) connect: controlledByApp=false
2025-11-16 20:24:25.152 19383-19383 IPCThreadState          com.example.on_track_app             E  attemptIncStrongHandle(58): Not supported
2025-11-16 20:24:25.154 19383-19383 VRI[MainActivity]       com.example.on_track_app             D  registerCallbacksForSync syncBuffer=false
2025-11-16 20:24:25.201 19383-19428 BLASTBufferQueue        com.example.on_track_app             D  [VRI[MainActivity]#2](f:0,a:1) acquireNextBufferLocked size=720x1600 mFrameNumber=1 applyTransaction=true mTimestamp=224238651364134(auto) mPendingTransactions.size=0 graphicBufferId=83249351098388 transform=0
2025-11-16 20:24:25.201 19383-19428 VRI[MainActivity]       com.example.on_track_app             D  Received frameCommittedCallback lastAttemptedDrawFrameNum=1 didProduceBuffer=true syncBuffer=false
2025-11-16 20:24:25.202 19383-19383 VRI[MainActivity]       com.example.on_track_app             D  draw finished.
2025-11-16 20:24:25.208 19383-19383 Quality                 com.example.on_track_app             I  Skipped: false 4 cost 67.35571 refreshRate 16666667 bit true processName com.example.on_track_app
2025-11-16 20:24:25.287 19383-19383 VRI[MainActivity]       com.example.on_track_app             D  onFocusEvent true
2025-11-16 20:24:25.716 19383-19402 VRI[ProjectActivity]    com.example.on_track_app             D  dispatchAppVisibility visible:false
2025-11-16 20:24:25.751 19383-19383 BLASTBufferQueue        com.example.on_track_app             D  [VRI[ProjectActivity]#1](f:0,a:1) destructor()
2025-11-16 20:24:25.752 19383-19383 BufferQueueConsumer     com.example.on_track_app             D  [VRI[ProjectActivity]#1(BLAST Consumer)1](id:4bb700000001,api:0,p:-1,c:19383) disconnect
2025-11-16 20:24:25.760 19383-19383 VRI[ProjectActivity]    com.example.on_track_app             D  setWindowStopped stopped:true
2025-11-16 20:24:25.907 19383-19383 OplusScrollToTopManager com.example.on_track_app             D  unregisterGuidePopupDismissReceiverInSystemUI
2025-11-16 20:24:25.907 19383-19383 OplusScrollToTopManager com.example.on_track_app             D  Receiver not registered: android.view.OplusScrollToTopManager$1@f183681
2025-11-16 20:24:25.907 19383-19383 OplusScrollToTopManager com.example.on_track_app             D  unregisterSystemUIBroadcastReceiver 
2025-11-16 20:24:25.908 19383-19383 OplusScrollToTopManager com.example.on_track_app             D  java.lang.IllegalArgumentException: Receiver not registered: android.view.OplusScrollToTopManager$2@6b0b326
2025-11-16 20:24:25.933 19383-19383 ZoomWindowDecorView     com.example.on_track_app             V  removeZoomView
2025-11-16 20:24:25.976 19383-19383 Quality                 com.example.on_track_app             I  Skipped: false 12 cost 218.42513 refreshRate 17031183 bit true processName com.example.on_track_app
2025-11-16 20:24:28.617 19383-19383 Quality                 com.example.on_track_app             I  ActivityThread: doFrame delay 1019 com.example.on_track_app 19383
2025-11-16 20:24:28.618 19383-19411 Quality                 com.example.on_track_app             I  Blocked msg = Package name: com.example.on_track_app [ schedGroup: 5 schedPolicy: 1073741824 ] process the message: { when=-1s20ms what=0 target=android.view.Choreographer$FrameHandler callback=android.view.Choreographer$FrameDisplayEventReceiver } took 1019 ms
2025-11-16 20:24:28.618 19383-19383 Choreographer           com.example.on_track_app             I  Skipped 58 frames!  The application may be doing too much work on its main thread.
2025-11-16 20:24:28.619 19383-19383 Quality                 com.example.on_track_app             I  Skipped: true 58 cost 1005.2569 refreshRate 17070719 bit true processName com.example.on_track_app
2025-11-16 20:24:28.724 19383-19383 Quality                 com.example.on_track_app             I  Skipped: false 5 cost 88.04864 refreshRate 17034877 bit true processName com.example.on_track_app
2025-11-16 20:24:28.939 19383-19383 Quality                 com.example.on_track_app             I  Skipped: true 11 cost 201.5002 refreshRate 17030638 bit true processName com.example.on_track_app
2025-11-16 20:24:29.033 19383-19383 Quality                 com.example.on_track_app             I  Skipped: false 5 cost 90.87449 refreshRate 17029772 bit true processName com.example.on_track_app
2025-11-16 20:24:30.950 19383-19383 Quality                 com.example.on_track_app             I  Skipped: true 5 cost 99.89614 refreshRate 17031265 bit true processName com.example.on_track_app
2025-11-16 20:24:31.602 19383-19383 Quality                 com.example.on_track_app             I  ActivityThread: doFrame delay 653 com.example.on_track_app 19383
2025-11-16 20:24:31.626 19383-19402 OpenGLRenderer          com.example.on_track_app             I  Davey! duration=760ms; Flags=0, FrameTimelineVsyncId=104446150, IntendedVsync=224244300983371, Vsync=224244386139696, InputEventId=0, HandleInputStart=224244401214057, AnimationStart=224244401221442, PerformTraversalsStart=224244583810288, DrawStart=224244584379596, FrameDeadline=224244338012613, FrameInterval=224244400879519, FrameStartTime=17029242, SyncQueued=224245051502365, SyncStart=224245051750288, IssueDrawCommandsStart=224245052526365, SwapBuffers=224245057021980, FrameCompleted=224245061896519, DequeueBufferDuration=104077, QueueBufferDuration=1567077, GpuCompleted=224245061896519, SwapBuffersCompleted=224245061116750, DisplayPresentTime=224241299914903, CommandSubmissionCompleted=224245057021980, 
2025-11-16 20:24:31.644 19383-19383 Choreographer           com.example.on_track_app             I  Skipped 40 frames!  The application may be doing too much work on its main thread.
2025-11-16 20:24:31.644 19383-19383 Quality                 com.example.on_track_app             I  Skipped: false 40 cost 691.63586 refreshRate 17031812 bit true processName com.example.on_track_app
2025-11-16 20:24:31.878 19383-19609 OpenGLRenderer          com.example.on_track_app             I  Davey! duration=914ms; Flags=0, FrameTimelineVsyncId=104446247, IntendedVsync=224244403160620, Vsync=224245084433100, InputEventId=0, HandleInputStart=224245095322903, AnimationStart=224245095332827, PerformTraversalsStart=224245222329673, DrawStart=224245293667211, FrameDeadline=224244440195998, FrameInterval=224245094796442, FrameStartTime=17035378, SyncQueued=224245309953673, SyncStart=224245310007596, IssueDrawCommandsStart=224245310378596, SwapBuffers=224245314427211, FrameCompleted=224245317632519, DequeueBufferDuration=55616, QueueBufferDuration=809308, GpuCompleted=224245317632519, SwapBuffersCompleted=224245316573057, DisplayPresentTime=224241555438288, CommandSubmissionCompleted=224245314427211, 
2025-11-16 20:24:31.882 19383-19383 Quality                 com.example.on_track_app             I  Skipped: false 13 cost 232.10733 refreshRate 17024792 bit true processName com.example.on_track_app
2025-11-16 20:24:32.056 19383-19383 Quality                 com.example.on_track_app             I  Skipped: false 6 cost 116.23516 refreshRate 17024738 bit true processName com.example.on_track_app
2025-11-16 20:24:32.461 19383-19383 Quality                 com.example.on_track_app             I  Skipped: false 14 cost 248.20284 refreshRate 17042454 bit true processName com.example.on_track_app
2025-11-16 20:24:33.112 19383-19383 Quality                 com.example.on_track_app             I  ActivityThread: doFrame delay 652 com.example.on_track_app 19383
2025-11-16 20:24:33.146 19383-19383 Choreographer           com.example.on_track_app             I  Skipped 39 frames!  The application may be doing too much work on its main thread.
2025-11-16 20:24:33.147 19383-19383 Quality                 com.example.on_track_app             I  Skipped: false 39 cost 678.7566 refreshRate 17026579 bit true processName com.example.on_track_app
2025-11-16 20:24:33.402 19383-19383 Quality                 com.example.on_track_app             I  Skipped: false 14 cost 253.00832 refreshRate 17037058 bit true processName com.example.on_track_app
2025-11-16 20:24:33.530 19383-19383 Quality                 com.example.on_track_app             I  Skipped: false 4 cost 73.72702 refreshRate 17030299 bit true processName com.example.on_track_app
2025-11-16 20:24:34.978 19383-19944 libMEOW                 com.example.on_track_app             D  meow new tls: 0xb4000075a4304800
2025-11-16 20:24:34.978 19383-19944 libMEOW                 com.example.on_track_app             D  applied 1 plugins for [com.example.on_track_app]:
2025-11-16 20:24:34.978 19383-19944 libMEOW                 com.example.on_track_app             D    plugin 1: [libMEOW_gift.so]: 0xb4000075fefa0d00
2025-11-16 20:24:34.979 19383-19944 libMEOW                 com.example.on_track_app             D  rebuild call chain: 0xb4000075a431df00
2025-11-16 20:24:34.979 19383-19944 libMEOW                 com.example.on_track_app             D  meow delete tls: 0xb4000075a4304800
2025-11-16 20:24:34.988 19383-19383 oplus.andr...actoryImpl com.example.on_track_app             I  get feature:IOplusDynamicVsyncFeature
2025-11-16 20:24:34.989 19383-19383 oplus.andr...actoryImpl com.example.on_track_app             I  get feature:IOplusDynamicVsyncFeature
2025-11-16 20:24:34.989 19383-19383 oplus.andr...actoryImpl com.example.on_track_app             I  get feature:IOplusDynamicVsyncFeature
2025-11-16 20:24:35.015 19383-19383 WindowManager           com.example.on_track_app             D  Add to mViews: DecorView@8573a96[ProjectActivity],pkg= com.example.on_track_app
2025-11-16 20:24:35.024 19383-19383 ViewRootImplExtImpl     com.example.on_track_app             D  onDisplayChanged -1 for VRI android.view.ViewRootImpl@dc46a22
2025-11-16 20:24:35.027 19383-19383 InputEventReceiver      com.example.on_track_app             D  Input log is disabled
2025-11-16 20:24:35.028 19383-19383 VRI[MainActivity]       com.example.on_track_app             D  onFocusEvent false
2025-11-16 20:24:35.031 19383-19383 Quality                 com.example.on_track_app             I  Skipped: false 1 cost 21.312923 refreshRate 16666667 bit true processName com.example.on_track_app
2025-11-16 20:24:35.059 19383-19383 Vibrator                com.example.on_track_app             D  SystemVibrator Created
2025-11-16 20:24:35.543 19383-19383 BufferQueueConsumer     com.example.on_track_app             D  [](id:4bb700000003,api:0,p:-1,c:19383) connect: controlledByApp=false
2025-11-16 20:24:35.543 19383-19383 IPCThreadState          com.example.on_track_app             E  attemptIncStrongHandle(74): Not supported
2025-11-16 20:24:35.545 19383-19383 ZoomWindowDecorView     com.example.on_track_app             V  setLastReportedMergedConfiguration mZoomDisplayHeight: 1600 getDecorView.139934358
2025-11-16 20:24:35.632 19383-19383 VRI[ProjectActivity]    com.example.on_track_app             D  registerCallbacksForSync syncBuffer=false
2025-11-16 20:24:35.690 19383-19428 BLASTBufferQueue        com.example.on_track_app             D  [VRI[ProjectActivity]#3](f:0,a:1) acquireNextBufferLocked size=720x1600 mFrameNumber=1 applyTransaction=true mTimestamp=224249140281981(auto) mPendingTransactions.size=0 graphicBufferId=83249351098396 transform=0
2025-11-16 20:24:35.690 19383-19428 VRI[ProjectActivity]    com.example.on_track_app             D  Received frameCommittedCallback lastAttemptedDrawFrameNum=1 didProduceBuffer=true syncBuffer=false
2025-11-16 20:24:35.691 19383-19428 Parcel                  com.example.on_track_app             W  Expecting binder but got null!
2025-11-16 20:24:35.692 19383-19383 VRI[ProjectActivity]    com.example.on_track_app             D  draw finished.
2025-11-16 20:24:35.696 19383-19383 Quality                 com.example.on_track_app             I  ActivityThread: doFrame delay 665 com.example.on_track_app 19383
2025-11-16 20:24:35.713 19383-19402 OpenGLRenderer          com.example.on_track_app             I  Davey! duration=718ms; Flags=1, FrameTimelineVsyncId=104449218, IntendedVsync=224248422379140, Vsync=224248472379141, InputEventId=0, HandleInputStart=224248482316750, AnimationStart=224248482324134, PerformTraversalsStart=224248483098673, DrawStart=224249083601365, FrameDeadline=224248442379140, FrameInterval=224248482107211, FrameStartTime=17032947, SyncQueued=224249132473750, SyncStart=224249135570365, IssueDrawCommandsStart=224249135866288, SwapBuffers=224249139367288, FrameCompleted=224249143960442, DequeueBufferDuration=0, QueueBufferDuration=929615, GpuCompleted=224249143960442, SwapBuffersCompleted=224249141651211, DisplayPresentTime=0, CommandSubmissionCompleted=224249139367288, 
2025-11-16 20:24:35.713 19383-19402 OpenGLRenderer          com.example.on_track_app             I  Davey! duration=732ms; Flags=1, FrameTimelineVsyncId=104449218, IntendedVsync=224248422379140, Vsync=224248472379141, InputEventId=0, HandleInputStart=224248482316750, AnimationStart=224248482324134, PerformTraversalsStart=224248483098673, DrawStart=224249143430981, FrameDeadline=224248459412087, FrameInterval=224248482107211, FrameStartTime=17032947, SyncQueued=224249146429365, SyncStart=224249146884519, IssueDrawCommandsStart=224249147150904, SwapBuffers=224249149409750, FrameCompleted=224249155334058, DequeueBufferDuration=0, QueueBufferDuration=655923, GpuCompleted=224249155334058, SwapBuffersCompleted=224249151485981, DisplayPresentTime=224245694154903, CommandSubmissionCompleted=224249149409750, 
2025-11-16 20:24:35.747 19383-19383 Choreographer           com.example.on_track_app             I  Skipped 42 frames!  The application may be doing too much work on its main thread.
2025-11-16 20:24:35.748 19383-19383 Quality                 com.example.on_track_app             I  Skipped: false 42 cost 710.7835 refreshRate 16666667 bit true processName com.example.on_track_app
2025-11-16 20:24:36.124 19383-19383 VRI[ProjectActivity]    com.example.on_track_app             D  onFocusEvent true
2025-11-16 20:24:36.140 19383-19402 OpenGLRenderer          com.example.on_track_app             I  Davey! duration=1085ms; Flags=0, FrameTimelineVsyncId=104449292, IntendedVsync=224248487882265, Vsync=224249187882279, InputEventId=0, HandleInputStart=224249198962365, AnimationStart=224249198967827, PerformTraversalsStart=224249400227519, DrawStart=224249538094288, FrameDeadline=224248524915212, FrameInterval=224249198665750, FrameStartTime=17032947, SyncQueued=224249565188134, SyncStart=224249568485134, IssueDrawCommandsStart=224249568796442, SwapBuffers=224249572132827, FrameCompleted=224249576387904, DequeueBufferDuration=0, QueueBufferDuration=578077, GpuCompleted=224249576387904, SwapBuffersCompleted=224249573997058, DisplayPresentTime=0, CommandSubmissionCompleted=224249572132827, 
2025-11-16 20:24:36.140 19383-19402 OpenGLRenderer          com.example.on_track_app             I  Davey! duration=1093ms; Flags=0, FrameTimelineVsyncId=104449292, IntendedVsync=224248487882265, Vsync=224249187882279, InputEventId=0, HandleInputStart=224249198962365, AnimationStart=224249198967827, PerformTraversalsStart=224249400227519, DrawStart=224249569197134, FrameDeadline=224248524915212, FrameInterval=224249198665750, FrameStartTime=17032947, SyncQueued=224249573083904, SyncStart=224249574350058, IssueDrawCommandsStart=224249574692750, SwapBuffers=224249577261750, FrameCompleted=224249582659211, DequeueBufferDuration=0, QueueBufferDuration=720923, GpuCompleted=224249582659211, SwapBuffersCompleted=224249578926904, DisplayPresentTime=224245711174903, CommandSubmissionCompleted=224249577261750, 
2025-11-16 20:24:36.170 19383-19383 Quality                 com.example.on_track_app             I  Skipped: false 24 cost 414.9384 refreshRate 17031564 bit true processName com.example.on_track_app
2025-11-16 20:24:36.184 19383-19383 VRI[ProjectActivity]    com.example.on_track_app             D  registerCallbacksForSync syncBuffer=false
2025-11-16 20:24:36.194 19383-19428 VRI[ProjectActivity]    com.example.on_track_app             D  Received frameCommittedCallback lastAttemptedDrawFrameNum=3 didProduceBuffer=true syncBuffer=false
2025-11-16 20:24:36.195 19383-19383 VRI[ProjectActivity]    com.example.on_track_app             D  draw finished.
2025-11-16 20:24:36.203 19383-19402 VRI[MainActivity]       com.example.on_track_app             D  dispatchAppVisibility visible:false
2025-11-16 20:24:36.215 19383-19383 Quality                 com.example.on_track_app             I  Skipped: false 1 cost 34.007236 refreshRate 17031887 bit true processName com.example.on_track_app
2025-11-16 20:24:36.297 19383-19383 VRI[MainActivity]       com.example.on_track_app             D  setWindowStopped stopped:true
2025-11-16 20:24:36.305 19383-19383 Quality                 com.example.on_track_app             I  Skipped: false 4 cost 73.5864 refreshRate 17032643 bit true processName com.example.on_track_app
2025-11-16 20:24:36.347 19383-19428 BLASTBufferQueue        com.example.on_track_app             D  [VRI[MainActivity]#2](f:0,a:1) destructor()
2025-11-16 20:24:36.347 19383-19428 BufferQueueConsumer     com.example.on_track_app             D  [VRI[MainActivity]#2(BLAST Consumer)2](id:4bb700000002,api:0,p:-1,c:19383) disconnect
2025-11-16 20:24:36.389 19383-19383 Quality                 com.example.on_track_app             I  Skipped: true 4 cost 71.72885 refreshRate 17031878 bit true processName com.example.on_track_app
2025-11-16 20:24:36.452 19383-19383 Quality                 com.example.on_track_app             I  Skipped: false 2 cost 49.41193 refreshRate 17032018 bit true processName com.example.on_track_app
2025-11-16 20:24:37.154 19383-19383 OplusSyste...ureExtImpl com.example.on_track_app             D  regionString = null
2025-11-16 20:24:37.297 19383-19383 Quality                 com.example.on_track_app             I  Skipped: false 1 cost 26.047829 refreshRate 17033136 bit true processName com.example.on_track_app
2025-11-16 20:24:37.344 19383-19383 Quality                 com.example.on_track_app             I  Skipped: false 1 cost 22.118958 refreshRate 17032555 bit true processName com.example.on_track_app
2025-11-16 20:24:37.375 19383-19383 Quality                 com.example.on_track_app             I  Skipped: false 1 cost 19.50076 refreshRate 17031806 bit true processName com.example.on_track_app
2025-11-16 20:24:37.407 19383-19383 Quality                 com.example.on_track_app             I  Skipped: false 1 cost 17.31526 refreshRate 17031928 bit true processName com.example.on_track_app
2025-11-16 20:24:37.473 19383-19383 Quality                 com.example.on_track_app             I  Skipped: false 1 cost 31.932556 refreshRate 17032139 bit true processName com.example.on_track_app
2025-11-16 20:24:37.504 19383-19383 Quality                 com.example.on_track_app             I  Skipped: false 1 cost 28.893564 refreshRate 17032268 bit true processName com.example.on_track_app
2025-11-16 20:24:37.532 19383-19383 Quality                 com.example.on_track_app             I  Skipped: false 1 cost 23.079868 refreshRate 17032505 bit true processName com.example.on_track_app
2025-11-16 20:24:37.566 19383-19383 Quality                 com.example.on_track_app             I  Skipped: false 1 cost 22.344097 refreshRate 17032436 bit true processName com.example.on_track_app
2025-11-16 20:24:37.596 19383-19383 Quality                 com.example.on_track_app             I  Skipped: false 1 cost 18.174128 refreshRate 17032280 bit true processName com.example.on_track_app
2025-11-16 20:24:38.490 19383-19609 VRI[MainActivity]       com.example.on_track_app             D  dispatchAppVisibility visible:true
2025-11-16 20:24:38.511 19383-19383 VRI[MainActivity]       com.example.on_track_app             D  setWindowStopped stopped:false
2025-11-16 20:24:38.514 19383-19383 OnBackInvokedCallback   com.example.on_track_app             W  OnBackInvokedCallback is not enabled for the application.
                                                                                                    Set 'android:enableOnBackInvokedCallback="true"' in the application manifest.
2025-11-16 20:24:38.519 19383-19383 VRI[ProjectActivity]    com.example.on_track_app             D  onFocusEvent false
2025-11-16 20:24:38.537 19383-19383 BufferQueueConsumer     com.example.on_track_app             D  [](id:4bb700000004,api:0,p:-1,c:19383) connect: controlledByApp=false
2025-11-16 20:24:38.538 19383-19383 IPCThreadState          com.example.on_track_app             E  attemptIncStrongHandle(61): Not supported
2025-11-16 20:24:38.539 19383-19383 VRI[MainActivity]       com.example.on_track_app             D  registerCallbacksForSync syncBuffer=false
2025-11-16 20:24:38.584 19383-19428 BLASTBufferQueue        com.example.on_track_app             D  [VRI[MainActivity]#4](f:0,a:1) acquireNextBufferLocked size=720x1600 mFrameNumber=1 applyTransaction=true mTimestamp=224252034776519(auto) mPendingTransactions.size=0 graphicBufferId=83249351098404 transform=0
2025-11-16 20:24:38.585 19383-19428 VRI[MainActivity]       com.example.on_track_app             D  Received frameCommittedCallback lastAttemptedDrawFrameNum=1 didProduceBuffer=true syncBuffer=false
2025-11-16 20:24:38.586 19383-19383 VRI[MainActivity]       com.example.on_track_app             D  draw finished.
2025-11-16 20:24:38.594 19383-19383 Quality                 com.example.on_track_app             I  Skipped: false 3 cost 66.18697 refreshRate 17029681 bit true processName com.example.on_track_app
2025-11-16 20:24:38.674 19383-19383 VRI[MainActivity]       com.example.on_track_app             D  onFocusEvent true
2025-11-16 20:24:39.102 19383-19400 VRI[ProjectActivity]    com.example.on_track_app             D  dispatchAppVisibility visible:false
2025-11-16 20:24:39.136 19383-19383 BLASTBufferQueue        com.example.on_track_app             D  [VRI[ProjectActivity]#3](f:0,a:1) destructor()
2025-11-16 20:24:39.136 19383-19383 BufferQueueConsumer     com.example.on_track_app             D  [VRI[ProjectActivity]#3(BLAST Consumer)3](id:4bb700000003,api:0,p:-1,c:19383) disconnect
2025-11-16 20:24:39.144 19383-19383 VRI[ProjectActivity]    com.example.on_track_app             D  setWindowStopped stopped:true
2025-11-16 20:24:39.280 19383-19383 OplusScrollToTopManager com.example.on_track_app             D  unregisterGuidePopupDismissReceiverInSystemUI
2025-11-16 20:24:39.280 19383-19383 OplusScrollToTopManager com.example.on_track_app             D  Receiver not registered: android.view.OplusScrollToTopManager$1@64fb720
2025-11-16 20:24:39.280 19383-19383 OplusScrollToTopManager com.example.on_track_app             D  unregisterSystemUIBroadcastReceiver 
2025-11-16 20:24:39.280 19383-19383 OplusScrollToTopManager com.example.on_track_app             D  java.lang.IllegalArgumentException: Receiver not registered: android.view.OplusScrollToTopManager$2@c7ce8d9
2025-11-16 20:24:39.287 19383-19383 ZoomWindowDecorView     com.example.on_track_app             V  removeZoomView
2025-11-16 20:24:39.328 19383-19383 Quality                 com.example.on_track_app             I  Skipped: false 10 cost 184.07141 refreshRate 17031859 bit true processName com.example.on_track_app
---------------------------- PROCESS ENDED (19383) for package com.example.on_track_app ----------------------------
