---------------------------- PROCESS STARTED (19383) for package com.example.on_track_app ----------------------------
2025-11-16 20:23:54.631 19383-19383 libc                    com.example.on_track_app             W  Access denied finding property "ro.odm.prev.product.name"
2025-11-16 20:23:54.638 19383-19383 LoadedApk               com.example.on_track_app             D  mApplicationInfo overrideDisplayId:null
2025-11-16 20:23:56.217 19383-19383 nativeloader            com.example.on_track_app             D  Configuring clns-4 for other apk /data/app/~~aPMmLddqxvQQmOv21MUGsg==/com.example.on_track_app-pj_YJq3wiJARI3dY_PpOMA==/base.apk. target_sdk_version=36, uses_libraries=, library_path=/data/app/~~aPMmLddqxvQQmOv21MUGsg==/com.example.on_track_app-pj_YJq3wiJARI3dY_PpOMA==/lib/arm64:/data/app/~~aPMmLddqxvQQmOv21MUGsg==/com.example.on_track_app-pj_YJq3wiJARI3dY_PpOMA==/base.apk!/lib/arm64-v8a, permitted_path=/data:/mnt/expand:/data/user/0/com.example.on_track_app
2025-11-16 20:23:56.219 19383-19383 Quality                 com.example.on_track_app             I  ActivityThread: createClassLoader delay 1579 /data/app/~~aPMmLddqxvQQmOv21MUGsg==/com.example.on_track_app-pj_YJq3wiJARI3dY_PpOMA==/base.apk 19383
2025-11-16 20:23:56.223 19383-19383 Quality                 com.example.on_track_app             I  ActivityThread: createOrUpdateClassLoaderLocked delay 1585 com.example.on_track_app 19383
2025-11-16 20:23:56.247 19383-19383 nativeloader            com.example.on_track_app             D  Load libframework-connectivity-jni.so using APEX ns com_android_tethering for caller /apex/com.android.tethering/javalib/framework-connectivity.jar: ok
2025-11-16 20:23:56.260 19383-19383 GraphicsEnvironment     com.example.on_track_app             V  ANGLE Developer option for 'com.example.on_track_app' set to: 'default'
2025-11-16 20:23:56.261 19383-19383 GraphicsEnvironment     com.example.on_track_app             V  ANGLE GameManagerService for com.example.on_track_app: false
2025-11-16 20:23:56.261 19383-19383 GraphicsEnvironment     com.example.on_track_app             V  Neither updatable production driver nor prerelease driver is supported.
2025-11-16 20:23:56.276 19383-19383 NetworkSecurityConfig   com.example.on_track_app             D  No Network Security Config specified, using platform default
2025-11-16 20:23:56.278 19383-19383 NetworkSecurityConfig   com.example.on_track_app             D  No Network Security Config specified, using platform default
2025-11-16 20:23:56.282 19383-19383 Compatibil...geReporter com.example.on_track_app             D  Compat change id reported: 183155436; UID 10105; state: ENABLED
2025-11-16 20:23:56.367 19383-19383 nativeloader            com.example.on_track_app             D  Load libSchedAssistJni.so using system ns (caller=/system/framework/oplus-framework.jar): ok
2025-11-16 20:23:56.367 19383-19383 ExtensionsLoader        com.example.on_track_app             D  createInstance(64bit) : createExtendedFactory
2025-11-16 20:23:56.368 19383-19383 ExtensionsLoader        com.example.on_track_app             D  Opened libSchedAssistExtImpl.so
2025-11-16 20:23:56.368 19383-19383 le.on_track_app         com.example.on_track_app             E  ofbOpen failed with error=No such file or directory
2025-11-16 20:23:56.368 19383-19383 le.on_track_app         com.example.on_track_app             E  sysOpen failed with error=No such file or directory
2025-11-16 20:23:56.372 19383-19383 OplusGraphicsEvent      com.example.on_track_app             D  OplusGraphicsEventListener create now!
2025-11-16 20:23:56.373 19383-19383 OplusGraphicsEvent      com.example.on_track_app             D  addEventListener success!
2025-11-16 20:23:56.405 19383-19383 OplusActivityManager    com.example.on_track_app             D  get AMS extension: android.os.BinderProxy@2c83a4e
2025-11-16 20:23:56.407 19383-19383 ANR_LOG                 com.example.on_track_app             E  >>> msg's executing time is too long
2025-11-16 20:23:56.407 19383-19383 ANR_LOG                 com.example.on_track_app             E  Blocked msg = { when=-3s50ms what=110 target=android.app.ActivityThread$H obj=AppBindData{appInfo=ApplicationInfo{758c76f com.example.on_track_app}} } , cost  = 1974 ms
2025-11-16 20:23:56.407 19383-19383 ANR_LOG                 com.example.on_track_app             E  >>>Current msg List is:
2025-11-16 20:23:56.407 19383-19383 ANR_LOG                 com.example.on_track_app             E  Current msg <1> = { when=-3s20ms what=159 target=android.app.ActivityThread$H obj=android.app.servertransaction.ClientTransaction@6065b45c }
2025-11-16 20:23:56.407 19383-19383 ANR_LOG                 com.example.on_track_app             E  Current msg <2> = { when=-3s16ms what=159 target=android.app.ActivityThread$H obj=android.app.servertransaction.ClientTransaction@90861473 }
2025-11-16 20:23:56.408 19383-19383 ANR_LOG                 com.example.on_track_app             E  Current msg <3> = { when=-2s850ms what=149 target=android.app.ActivityThread$H obj=android.os.BinderProxy@cd46b8b }
2025-11-16 20:23:56.408 19383-19383 ANR_LOG                 com.example.on_track_app             E  Current msg <4> = { when=-1s262ms what=0 target=android.app.ActivityThread$H callback=com.android.internal.util.function.pooled.PooledLambdaImpl }
2025-11-16 20:23:56.408 19383-19383 ANR_LOG                 com.example.on_track_app             E  Current msg <5> = { when=-119ms what=164 target=android.app.ActivityThread$H obj=com.example.on_track_app }
2025-11-16 20:23:56.408 19383-19383 ANR_LOG                 com.example.on_track_app             E  >>>CURRENT MSG DUMP OVER<<<
2025-11-16 20:23:56.408 19383-19383 Quality                 com.example.on_track_app             I  ActivityThread: bindApplication delay 1976 com.example.on_track_app 19383
2025-11-16 20:23:56.409 19383-19411 Quality                 com.example.on_track_app             I  Blocked msg = Package name: com.example.on_track_app [ schedGroup: 5 schedPolicy: 0 ] process the message: { when=-3s52ms what=110 target=android.app.ActivityThread$H obj=AppBindData{appInfo=ApplicationInfo{758c76f com.example.on_track_app}} } took 1976 ms
2025-11-16 20:23:56.421 19383-19425 nativeloader            com.example.on_track_app             D  Load libpowerhalwrap_jni.so using system ns (caller=/system/framework/mediatek-framework.jar): ok
2025-11-16 20:23:56.422 19383-19383 PowerHalWrapper         com.example.on_track_app             I  PowerHalWrapper.getInstance 
2025-11-16 20:23:56.422 19383-19425 PowerHalWrapper         com.example.on_track_app             I  PowerHalWrapper.getInstance 
2025-11-16 20:23:56.424 19383-19383 MSYNC3-Var...efreshRate com.example.on_track_app             I  Variable refreshrate is disabled
2025-11-16 20:23:56.438 19383-19430 libMEOW                 com.example.on_track_app             D  meow new tls: 0xb40000760fc96d40
2025-11-16 20:23:56.439 19383-19430 libMEOW                 com.example.on_track_app             D  meow reload base cfg path: na
2025-11-16 20:23:56.439 19383-19430 libMEOW                 com.example.on_track_app             D  meow reload overlay cfg path: na
2025-11-16 20:23:56.446 19383-19430 QT                      com.example.on_track_app             E  [QT]file does not exist
2025-11-16 20:23:56.447 19383-19430 libMEOW                 com.example.on_track_app             D  applied 1 plugins for [com.example.on_track_app]:
2025-11-16 20:23:56.447 19383-19430 libMEOW                 com.example.on_track_app             D    plugin 1: [libMEOW_gift.so]: 0xb4000075fefa0d00
2025-11-16 20:23:56.447 19383-19430 libMEOW                 com.example.on_track_app             D  rebuild call chain: 0xb40000760fcae800
2025-11-16 20:23:56.448 19383-19430 libMEOW                 com.example.on_track_app             D  meow delete tls: 0xb40000760fc96d40
2025-11-16 20:23:56.569 19383-19383 oplus.andr...actoryImpl com.example.on_track_app             I  Unknow feature:IOplusTextViewRTLUtilForUG
2025-11-16 20:23:56.618 19383-19383 ScrollOpti...tionHelper com.example.on_track_app             D  can't find the config file for optimizaiton
2025-11-16 20:23:56.618 19383-19383 ScrollOpti...tionHelper com.example.on_track_app             D  will not debug for debug is false
2025-11-16 20:23:56.618 19383-19383 oplus.andr...actoryImpl com.example.on_track_app             I  get feature:IOplusDynamicVsyncFeature
2025-11-16 20:23:56.619 19383-19383 oplus.andr...actoryImpl com.example.on_track_app             I  get feature:IOplusDynamicVsyncFeature
2025-11-16 20:23:56.619 19383-19383 oplus.andr...actoryImpl com.example.on_track_app             I  get feature:IOplusDynamicVsyncFeature
2025-11-16 20:23:56.690 19383-19383 OplusUxDra...pingHelper com.example.on_track_app             D  start parsePackMapping
2025-11-16 20:23:56.698 19383-19383 OplusUxDra...pingHelper com.example.on_track_app             D  parsePackMapping success--->size:5
2025-11-16 20:23:56.705 19383-19383 OplusUXIconLoader       com.example.on_track_app             I  theme=4; uxIconConfig = 216596497840340996
2025-11-16 20:23:56.707 19383-19383 OplusUXIconLoader       com.example.on_track_app             I  themeCustomPos=3;commonStylePathArray size=3
2025-11-16 20:23:56.708 19383-19383 UXIconPaser             com.example.on_track_app             I  theme=4; pathData =M74.9997089,0 C54.6632376,0.170800781 32.6570264,3.71865234 18.5721079,19.7569336 C5.46399457,34.6825195 3.10743401,55.865918 3,75 C3.10743401,94.134668 5.46399457,115.318066 18.5721079,130.243652 C32.6570264,146.281934 54.6632376,149.829785 74.9997089,150 C95.3364713,149.829785 117.342682,146.281934 131.427601,130.243652 C144.535714,115.318066 146.892275,94.134668 147,75 C146.892275,55.865918 144.535714,34.6825195 131.427601,19.7569336 C117.342682,3.71865234 95.3364713,0.170800781 74.9997089,0 Z
2025-11-16 20:23:56.709 19383-19383 OplusUXIconLoader       com.example.on_track_app             I  path = android.graphics.Path@f2ae0ba; config = OplusIconConfig = [ isForeign : true,theme : 4,iconSize : 5600,iconShape : 0,foregroundSize : 5600,artPlusOn : false,shapePath ：null, nightMode : true;enableDarkModeIcon = true, userId = -1 ]
2025-11-16 20:23:56.709 19383-19383 OplusUXIconLoader       com.example.on_track_app             V  checkConfig sIconConfig =:OplusIconConfig = [ isForeign : true,theme : 4,iconSize : 5600,iconShape : 0,foregroundSize : 5600,artPlusOn : false,shapePath ：android.graphics.Path@f968b6b, nightMode : true;enableDarkModeIcon = true, userId = 0 ]
2025-11-16 20:23:56.831 19383-19383 Quality                 com.example.on_track_app             I  ActivityThread: activityStart delay 406 com.example.on_track_app 19383
2025-11-16 20:23:56.838 19383-19383 OplusCusto...ionManager com.example.on_track_app             E  sInstance is null, start a new sInstance
2025-11-16 20:23:56.852 19383-19383 Compatibil...geReporter com.example.on_track_app             D  Compat change id reported: 210923482; UID 10105; state: ENABLED
2025-11-16 20:23:56.865 19383-19383 OplusInputMethodUtil    com.example.on_track_app             D  init sDebug to false, init sDebugIme to false, init sAlwaysOn to false
2025-11-16 20:23:56.865 19383-19383 OplusInputMethodUtil    com.example.on_track_app             D  updateDebugToClass InputMethodManager.DEBUG = false
2025-11-16 20:23:56.865 19383-19383 OplusInputMethodUtil    com.example.on_track_app             D  updateDebugToClass ImeFocusController.DEBUG = false
2025-11-16 20:23:56.867 19383-19383 OplusInputMethodUtil    com.example.on_track_app             D  updateDebugToClass BaseInputConnection.DEBUG = false
2025-11-16 20:23:56.867 19383-19383 OplusInputMethodUtil    com.example.on_track_app             D  updateDebugToClass ImeFocusController.sDebugIme = false
2025-11-16 20:23:56.878 19383-19383 SurfaceFactory          com.example.on_track_app             I  [static] sSurfaceFactory = com.mediatek.view.impl.SurfaceFactoryImpl@6070e1f
2025-11-16 20:23:56.888 19383-19431 OplusSlideAnimOptHelper com.example.on_track_app             I  checkListMode: is blacklist mode = true
2025-11-16 20:23:56.890 19383-19431 OplusSlideAnimOptHelper com.example.on_track_app             D  com.example.on_track_app scrollEffectOpt enable = true
2025-11-16 20:23:56.896 19383-19383 WindowManager           com.example.on_track_app             D  Add to mViews: DecorView@3986d3b[MainActivity],pkg= com.example.on_track_app
2025-11-16 20:23:56.904 19383-19428 ExtensionsLoader        com.example.on_track_app             D  createInstance(64bit) : createExtendedFactory
2025-11-16 20:23:56.926 19383-19428 ExtensionsLoader        com.example.on_track_app             D  Opened libhwuiextimpl.so
2025-11-16 20:23:56.926 19383-19383 ExtensionsLoader        com.example.on_track_app             D  createInstance(64bit) : createExtendedFactory
2025-11-16 20:23:56.927 19383-19383 ExtensionsLoader        com.example.on_track_app             D  Opened libSchedAssistExtImpl.so
2025-11-16 20:23:56.951 19383-19383 ViewRootImplExtImpl     com.example.on_track_app             D  onDisplayChanged -1 for VRI android.view.ViewRootImpl@e3467ed
2025-11-16 20:23:56.953 19383-19383 libMEOW                 com.example.on_track_app             D  meow new tls: 0xb4000075a700d040
2025-11-16 20:23:56.953 19383-19383 libMEOW                 com.example.on_track_app             D  applied 1 plugins for [com.example.on_track_app]:
2025-11-16 20:23:56.953 19383-19383 libMEOW                 com.example.on_track_app             D    plugin 1: [libMEOW_gift.so]: 0xb4000075fefa0d00
2025-11-16 20:23:56.954 19383-19383 libMEOW                 com.example.on_track_app             D  rebuild call chain: 0xb400007610539f00
2025-11-16 20:23:56.955 19383-19383 InputEventReceiver      com.example.on_track_app             D  Input log is disabled
2025-11-16 20:23:56.957 19383-19383 Quality                 com.example.on_track_app             I  ActivityThread: activityLifecycle delay 533 com.example.on_track_app 19383
2025-11-16 20:23:56.962 19383-19383 Choreographer           com.example.on_track_app             I  Skipped 34 frames!  The application may be doing too much work on its main thread.
2025-11-16 20:23:56.964 19383-19383 Quality                 com.example.on_track_app             I  Skipped: false 6 cost 104.465 refreshRate 17029654 bit true processName com.example.on_track_app
2025-11-16 20:23:57.879 19383-19383 le.on_track_app         com.example.on_track_app             I  hiddenapi: Accessing hidden method Landroid/os/SystemProperties;->addChangeCallback(Ljava/lang/Runnable;)V (runtime_flags=0, domain=platform, api=unsupported) from Landroidx/compose/ui/platform/AndroidComposeView$Companion; (domain=app) using reflection: allowed
2025-11-16 20:23:57.925 19383-19383 Vibrator                com.example.on_track_app             D  SystemVibrator Created
2025-11-16 20:23:58.481 19383-19412 Quality                 com.example.on_track_app             I  stackInfo :----- pid 19383 at 2025-11-16 20:23:58.461 -----;Cmd line: com.example.on_track_app;"main" prio=5 tid=2 RUNNABLE sysTid=19383;  at androidx.compose.foundation.text.BasicTextKt.BasicText-RWo7tUw(BasicText.kt:122);  at androidx.compose.material3.TextKt.Text-Nvy7gAk(Text.kt:125);  at com.example.on_track_app.ui.activities.ActivityScaffoldKt.ActivityScaffold$lambda$0$0(ActivityScaffold.kt:60);  at com.example.on_track_app.ui.activities.ActivityScaffoldKt.$r8$lambda$JCdrbxMCkKXfdrdIpuP9sTT17dg(Unknown Source:0);  at com.example.on_track_app.ui.activities.ActivityScaffoldKt$$ExternalSyntheticLambda7.invoke(D8$$SyntheticClass:0);  at androidx.compose.runtime.internal.ComposableLambdaImpl.invoke(ComposableLambda.kt:121);  at androidx.compose.runtime.internal.ComposableLambdaImpl.invoke(ComposableLambda.kt:51);  at androidx.compose.runtime.CompositionLocalKt.CompositionLocalProvider(CompositionLocal.kt:370);  at androidx.compose.material3.internal.ProvideContentColorTextStyleKt.ProvideContentColorTextStyle-3J-VO9M(ProvideContentColorTextStyle.kt:41);  at androidx.compose.material3.AppBarKt.TopAppBarLayout-lyUyIHI(AppBar.kt:3038);  at androidx.compose.material3.AppBarKt.access$TopAppBarLayout-lyUyIHI(AppBar.kt:1);  at androidx.compose.material3.DefaultSingleRowTopAppBarOverride.SingleRowTopAppBar(AppBar.kt:2584);  at androidx.compose.material3.AppBarKt.SingleRowTopAppBar-wn8IZOc(AppBar.kt:2501);  at androidx.compose.material3.AppBarKt.TopAppBar-GHTll3U(AppBar.kt:226);  at com.example.on_track_app.ui.activities.ActivityScaffoldKt.ActivityScaffold$lambda$0(ActivityScaffold.kt:41);  at com.example.on_track_app.ui.activities.ActivityScaffoldKt.$r8$lambda$pm9VwPlD_UZKqlMKUhZpbeagnFY(Unknown Source:0);  at com.example.on_track_app.ui.activities.ActivityScaffoldKt$$ExternalSyntheticLambda0.invoke(D8$$SyntheticClass:0);  at androidx.compose.runtime.internal.ComposableLambdaImpl.invoke(ComposableLambda.kt:121);  at androidx.compose.runtime.internal.ComposableLambdaImpl.invoke(ComposableLambda.kt:51);  at androidx.compose.material3.ScaffoldKt$ScaffoldLayout$topBarContent$1$1.invoke(Scaffold.kt:159);  at androidx.compose.material3.ScaffoldKt$ScaffoldLayout$topBarContent$1$1.invoke(Scaffold.kt:159);  at androidx.compose.runtime.internal.ComposableLambdaImpl.invoke(ComposableLambda.kt:121);  at androidx.compose.runtime.internal.ComposableLambdaImpl.invoke(ComposableLambda.kt:51);  at androidx.compose.runtime.internal.Expect_jvmKt.invokeComposable(Expect.jvm.kt:24);  at androidx.compose.runtime.ComposerImpl.doCompose-aFTiNEg(Composer.kt:3843);  at androidx.compose.runtime.ComposerImpl.composeContent--ZbOJvo$runtime(Composer.kt:3747);  at androidx.compose.runtime.CompositionImpl.composeContent(Composition.kt:832);  at androidx.compose.runtime.Recomposer.composeInitial$runtime(Recomposer.kt:1233);  at androidx.compose.runtime.ComposerImpl$CompositionContextImpl.composeInitial$runtime(Composer.kt:4186);  at androidx.compose.runtime.CompositionImpl.composeInitial(Composition.kt:672);
2025-11-16 20:23:59.125 19383-19389 le.on_track_app         com.example.on_track_app             I  Thread[2,tid=19389,WaitingInMainSignalCatcherLoop,Thread*=0xb40000760fc48000,peer=0x2200400,"Signal Catcher"]: reacting to signal 3
2025-11-16 20:23:59.125 19383-19389 le.on_track_app         com.example.on_track_app             I  
2025-11-16 20:23:59.463 19383-19393 le.on_track_app         com.example.on_track_app             I  Compiler allocated 4817KB to compile void android.view.ViewRootImpl.performTraversals()
2025-11-16 20:23:59.870 19383-19389 le.on_track_app         com.example.on_track_app             I  Wrote stack traces to tombstoned
2025-11-16 20:23:59.999 19383-19412 Quality                 com.example.on_track_app             I  stackInfo :----- pid 19383 at 2025-11-16 20:23:59.982 -----;Cmd line: com.example.on_track_app;"main" prio=5 tid=2 RUNNABLE sysTid=19383;  at androidx.compose.foundation.lazy.LazyListStateKt.rememberLazyListState(LazyListState.kt:79);  at androidx.compose.foundation.lazy.LazyDslKt.LazyColumn(LazyDsl.kt:390);  at com.example.on_track_app.ui.fragments.reusable.CardListContainerKt.ExpandableCards(CardListContainer.kt:15);  at com.example.on_track_app.ui.fragments.navigable.home.HomeScreenKt.HomeScreen(HomeScreen.kt:31);  at com.example.on_track_app.navigation.ComposableSingletons$AppNavigationKt.lambda_1591872572$lambda$0(AppNavigation.kt:73);  at com.example.on_track_app.navigation.ComposableSingletons$AppNavigationKt.$r8$lambda$vTVtILAUW6GdPfcvXutLaCBP_bg(Unknown Source:0);  at com.example.on_track_app.navigation.ComposableSingletons$AppNavigationKt$$ExternalSyntheticLambda0.invoke(D8$$SyntheticClass:0);  at androidx.compose.runtime.internal.ComposableLambdaImpl.invoke(ComposableLambda.kt:142);  at androidx.compose.runtime.internal.ComposableLambdaImpl.invoke(ComposableLambda.kt:51);  at androidx.navigation.compose.NavHostKt$NavHost$32$1.invoke(NavHost.kt:720);  at androidx.navigation.compose.NavHostKt$NavHost$32$1.invoke(NavHost.kt:719);  at androidx.compose.runtime.internal.ComposableLambdaImpl.invoke(ComposableLambda.kt:121);  at androidx.compose.runtime.internal.ComposableLambdaImpl.invoke(ComposableLambda.kt:51);  at androidx.compose.runtime.CompositionLocalKt.CompositionLocalProvider(CompositionLocal.kt:370);  at androidx.compose.runtime.saveable.SaveableStateHolderImpl.SaveableStateProvider(SaveableStateHolder.kt:82);  at androidx.navigation.compose.NavBackStackEntryProviderKt.SaveableStateProvider(NavBackStackEntryProvider.kt:69);  at androidx.navigation.compose.NavBackStackEntryProviderKt.access$SaveableStateProvider(NavBackStackEntryProvider.kt:1);  at androidx.navigation.compose.NavBackStackEntryProviderKt$LocalOwnersProvider$1.invoke(NavBackStackEntryProvider.kt:56);  at androidx.navigation.compose.NavBackStackEntryProviderKt$LocalOwnersProvider$1.invoke(NavBackStackEntryProvider.kt:55);  at androidx.compose.runtime.internal.ComposableLambdaImpl.invoke(ComposableLambda.kt:121);  at androidx.compose.runtime.internal.ComposableLambdaImpl.invoke(ComposableLambda.kt:51);  at androidx.compose.runtime.CompositionLocalKt.CompositionLocalProvider(CompositionLocal.kt:370);  at androidx.navigation.compose.NavBackStackEntryProviderKt.LocalOwnersProvider(NavBackStackEntryProvider.kt:51);  at androidx.navigation.compose.NavHostKt$NavHost$32.invoke(NavHost.kt:719);  at androidx.navigation.compose.NavHostKt$NavHost$32.invoke(NavHost.kt:699);  at androidx.compose.runtime.internal.ComposableLambdaImpl.invoke(ComposableLambda.kt:142);  at androidx.compose.runtime.internal.ComposableLambdaImpl.invoke(ComposableLambda.kt:51);  at androidx.compose.animation.AnimatedContentKt$AnimatedContent$6$1$5.invoke(AnimatedContent.kt:863);  at androidx.compose.animation.AnimatedContentKt$AnimatedContent$6$1$5.invoke(AnimatedContent.kt:853);  at androidx.compose.runtime.internal.ComposableLambdaImpl.invoke(ComposableLambda.kt:130);
2025-11-16 20:24:00.511 19383-19383 BufferQueueConsumer     com.example.on_track_app             D  [](id:4bb700000000,api:0,p:-1,c:19383) connect: controlledByApp=false
2025-11-16 20:24:00.516 19383-19383 ExtensionsLoader        com.example.on_track_app             D  createInstance(64bit) : createExtendedFactory
2025-11-16 20:24:00.516 19383-19383 ExtensionsLoader        com.example.on_track_app             D  Opened libSchedAssistExtImpl.so
2025-11-16 20:24:00.520 19383-19383 FBI                     com.example.on_track_app             E  Can't load library: dlopen failed: library "libmagtsync.so" not found
2025-11-16 20:24:00.523 19383-19383 ZoomWindowDecorView     com.example.on_track_app             V  setLastReportedMergedConfiguration mZoomDisplayHeight: 1600 getDecorView.60321083
2025-11-16 20:24:00.525 19383-19428 libMEOW                 com.example.on_track_app             D  meow new tls: 0xb4000075a70ea780
2025-11-16 20:24:00.525 19383-19428 libMEOW                 com.example.on_track_app             D  applied 1 plugins for [com.example.on_track_app]:
2025-11-16 20:24:00.525 19383-19428 libMEOW                 com.example.on_track_app             D    plugin 1: [libMEOW_gift.so]: 0xb4000075fefa0d00
2025-11-16 20:24:00.525 19383-19428 libMEOW                 com.example.on_track_app             D  rebuild call chain: 0xb4000075a70f9b00
2025-11-16 20:24:00.584 19383-19428 Quality                 com.example.on_track_app             I  ActivityThread: setSurface delay 59 com.example.on_track_app 0
2025-11-16 20:24:00.640 19383-19612 ion                     com.example.on_track_app             E  ioctl c0044901 failed with code -1: Invalid argument
2025-11-16 20:24:00.723 19383-19383 VRI[MainActivity]       com.example.on_track_app             D  registerCallbacksForSync syncBuffer=false
2025-11-16 20:24:00.992 19383-19428 BLASTBufferQueue        com.example.on_track_app             D  [VRI[MainActivity]#0](f:0,a:1) acquireNextBufferLocked size=720x1600 mFrameNumber=1 applyTransaction=true mTimestamp=224214440988517(auto) mPendingTransactions.size=0 graphicBufferId=83249351098372 transform=0
2025-11-16 20:24:00.992 19383-19428 VRI[MainActivity]       com.example.on_track_app             D  Received frameCommittedCallback lastAttemptedDrawFrameNum=1 didProduceBuffer=true syncBuffer=false
2025-11-16 20:24:00.998 19383-19428 Parcel                  com.example.on_track_app             W  Expecting binder but got null!
2025-11-16 20:24:01.000 19383-19383 VRI[MainActivity]       com.example.on_track_app             D  draw finished.
2025-11-16 20:24:01.001 19383-19383 ANR_LOG                 com.example.on_track_app             E  >>> msg's executing time is too long
2025-11-16 20:24:01.001 19383-19383 ANR_LOG                 com.example.on_track_app             E  Blocked msg = { when=-4s624ms what=0 target=android.view.Choreographer$FrameHandler callback=android.view.Choreographer$FrameDisplayEventReceiver } , cost  = 4040 ms
2025-11-16 20:24:01.001 19383-19383 ANR_LOG                 com.example.on_track_app             E  >>>Current msg List is:
2025-11-16 20:24:01.002 19383-19383 ANR_LOG                 com.example.on_track_app             E  Current msg <1> = { when=-2d14h16m54s452ms what=0 target=android.view.ViewRootImpl$ViewRootHandler callback=android.view.ViewRootImpl$$ExternalSyntheticLambda2 }
2025-11-16 20:24:01.002 19383-19383 ANR_LOG                 com.example.on_track_app             E  Current msg <2> = { when=-2d14h16m54s452ms what=0 target=android.view.ViewRootImpl$ViewRootHandler callback=android.view.ViewRootImpl$9$$ExternalSyntheticLambda0 }
2025-11-16 20:24:01.002 19383-19383 ANR_LOG                 com.example.on_track_app             E  Current msg <3> = { when=-4s115ms what=0 target=android.view.ViewRootImpl$ViewRootHandler callback=android.view.ViewRootImpl$7 }
2025-11-16 20:24:01.002 19383-19383 ANR_LOG                 com.example.on_track_app             E  Current msg <4> = { when=-4s34ms what=0 target=android.view.ViewRootImpl$ViewRootHandler callback=com.android.internal.policy.PhoneWindow$1 }
2025-11-16 20:24:01.002 19383-19383 ANR_LOG                 com.example.on_track_app             E  Current msg <5> = { when=-3s819ms what=0 target=android.os.Handler callback=kotlinx.coroutines.internal.DispatchedContinuation }
2025-11-16 20:24:01.003 19383-19383 ANR_LOG                 com.example.on_track_app             E  Current msg <6> = { when=-3s807ms what=0 target=android.os.Handler callback=androidx.compose.ui.platform.AndroidUiDispatcher$dispatchCallback$1 }
2025-11-16 20:24:01.003 19383-19383 ANR_LOG                 com.example.on_track_app             E  Current msg <7> = { when=-3s642ms what=0 target=android.os.Handler callback=androidx.emoji2.text.EmojiCompatInitializer$LoadEmojiCompatRunnable }
2025-11-16 20:24:01.003 19383-19383 ANR_LOG                 com.example.on_track_app             E  Current msg <8> = { when=-2s708ms barrier=1 }
2025-11-16 20:24:01.003 19383-19383 ANR_LOG                 com.example.on_track_app             E  Current msg <9> = { when=-500ms what=5 target=android.view.ViewRootImpl$ViewRootHandler obj=com.android.internal.os.SomeArgs@a3cae27 }
2025-11-16 20:24:01.003 19383-19383 ANR_LOG                 com.example.on_track_app             E  Current msg <10> = { when=-459ms what=29 target=android.view.ViewRootImpl$ViewRootHandler obj=com.android.internal.os.SomeArgs@21038d4 }
2025-11-16 20:24:01.003 19383-19383 ANR_LOG                 com.example.on_track_app             E  >>>CURRENT MSG DUMP OVER<<<
2025-11-16 20:24:01.003 19383-19383 Quality                 com.example.on_track_app             I  ActivityThread: doFrame delay 4042 com.example.on_track_app 19383
2025-11-16 20:24:01.004 19383-19609 OpenGLRenderer          com.example.on_track_app             I  Davey! duration=4609ms; Flags=1, FrameTimelineVsyncId=104425841, IntendedVsync=224209828027251, Vsync=224210407035487, InputEventId=0, HandleInputStart=224210415814671, AnimationStart=224210415854286, PerformTraversalsStart=224210416419209, DrawStart=224214174790902, FrameDeadline=224209848027251, FrameInterval=224210413100517, FrameStartTime=17029654, SyncQueued=224214302746286, SyncStart=224214308578055, IssueDrawCommandsStart=224214311049440, SwapBuffers=224214437870055, FrameCompleted=224214443419825, DequeueBufferDuration=0, QueueBufferDuration=1696308, GpuCompleted=224214443215517, SwapBuffersCompleted=224214443419825, DisplayPresentTime=0, CommandSubmissionCompleted=224214437870055, 
2025-11-16 20:24:01.004 19383-19411 Quality                 com.example.on_track_app             I  Blocked msg = Package name: com.example.on_track_app [ schedGroup: 5 schedPolicy: 0 ] process the message: { when=-4s626ms what=0 target=android.view.Choreographer$FrameHandler callback=android.view.Choreographer$FrameDisplayEventReceiver } took 4042 ms
2025-11-16 20:24:01.170 19383-19383 VRI[MainActivity]       com.example.on_track_app             D  onFocusEvent true
2025-11-16 20:24:01.170 19383-19383 Choreographer           com.example.on_track_app             I  Skipped 233 frames!  The application may be doing too much work on its main thread.
2025-11-16 20:24:01.171 19383-19383 Quality                 com.example.on_track_app             I  Skipped: false 233 cost 3976.4448 refreshRate 17028995 bit true processName com.example.on_track_app
2025-11-16 20:24:01.380 19383-19609 OpenGLRenderer          com.example.on_track_app             I  Davey! duration=4177ms; Flags=0, FrameTimelineVsyncId=104426200, IntendedVsync=224210645305235, Vsync=224214613061070, InputEventId=0, HandleInputStart=224214628537440, AnimationStart=224214628543594, PerformTraversalsStart=224214756407209, DrawStart=224214797567209, FrameDeadline=224210682334230, FrameInterval=224214621750286, FrameStartTime=17028995, SyncQueued=224214809517671, SyncStart=224214809673979, IssueDrawCommandsStart=224214809994055, SwapBuffers=224214818332440, FrameCompleted=224214822953979, DequeueBufferDuration=3311692, QueueBufferDuration=960923, GpuCompleted=224214822953979, SwapBuffersCompleted=224214820533363, DisplayPresentTime=0, CommandSubmissionCompleted=224214818332440, 
2025-11-16 20:24:01.467 19383-19383 Quality                 com.example.on_track_app             I  Skipped: false 16 cost 272.97037 refreshRate 17031329 bit true processName com.example.on_track_app
2025-11-16 20:24:01.477 19383-19383 VRI[MainActivity]       com.example.on_track_app             D  registerCallbacksForSync syncBuffer=false
2025-11-16 20:24:01.478 19383-19428 VRI[MainActivity]       com.example.on_track_app             D  Received frameCommittedCallback lastAttemptedDrawFrameNum=3 didProduceBuffer=false syncBuffer=false
2025-11-16 20:24:01.479 19383-19383 VRI[MainActivity]       com.example.on_track_app             D  draw finished.
2025-11-16 20:24:01.497 19383-19383 Quality                 com.example.on_track_app             I  Skipped: false 1 cost 26.663324 refreshRate 17057224 bit true processName com.example.on_track_app
2025-11-16 20:24:01.596 19383-19383 Quality                 com.example.on_track_app             I  Skipped: true 5 cost 91.3691 refreshRate 17049746 bit true processName com.example.on_track_app
2025-11-16 20:24:01.697 19383-19383 Quality                 com.example.on_track_app             I  Skipped: true 5 cost 91.08389 refreshRate 17024944 bit true processName com.example.on_track_app
2025-11-16 20:24:01.794 19383-19383 Quality                 com.example.on_track_app             I  Skipped: false 5 cost 85.66409 refreshRate 17030422 bit true processName com.example.on_track_app
2025-11-16 20:24:02.065 19383-19698 ProfileInstaller        com.example.on_track_app             D  Installing profile for com.example.on_track_app
2025-11-16 20:24:09.068 19383-19383 OplusSyste...ureExtImpl com.example.on_track_app             D  regionString = null
2025-11-16 20:24:09.174 19383-19383 OplusInput...erInternal com.example.on_track_app             D  get inputMethodManager extension: com.android.internal.view.IInputMethodManager$Stub$Proxy@3273153
2025-11-16 20:24:09.233 19383-19383 Quality                 com.example.on_track_app             I  Skipped: true 3 cost 64.48791 refreshRate 17035279 bit true processName com.example.on_track_app
2025-11-16 20:24:09.454 19383-19383 Quality                 com.example.on_track_app             I  Skipped: true 12 cost 217.91275 refreshRate 17035330 bit true processName com.example.on_track_app
2025-11-16 20:24:09.475 19383-19383 OnBackInvokedCallback   com.example.on_track_app             W  OnBackInvokedCallback is not enabled for the application.
                                                                                                    Set 'android:enableOnBackInvokedCallback="true"' in the application manifest.
2025-11-16 20:24:09.634 19383-19394 le.on_track_app         com.example.on_track_app             I  Background concurrent copying GC freed 4848KB AllocSpace bytes, 6(120KB) LOS objects, 66% free, 5453KB/15MB, paused 294us,113us total 560.716ms
2025-11-16 20:24:09.642 19383-19396 System                  com.example.on_track_app             W  A resource failed to call close. 
2025-11-16 20:24:10.030 19383-19383 Quality                 com.example.on_track_app             I  ActivityThread: doFrame delay 576 com.example.on_track_app 19383
2025-11-16 20:24:10.032 19383-19383 Choreographer           com.example.on_track_app             I  Skipped 33 frames!  The application may be doing too much work on its main thread.
2025-11-16 20:24:10.032 19383-19383 Quality                 com.example.on_track_app             I  Skipped: false 33 cost 574.09033 refreshRate 17035460 bit true processName com.example.on_track_app
2025-11-16 20:24:10.227 19383-19383 Quality                 com.example.on_track_app             I  Skipped: false 9 cost 156.6837 refreshRate 17030827 bit true processName com.example.on_track_app
2025-11-16 20:24:10.392 19383-19383 Quality                 com.example.on_track_app             I  Skipped: false 5 cost 99.8036 refreshRate 17032564 bit true processName com.example.on_track_app
2025-11-16 20:24:11.733 19383-19383 Quality                 com.example.on_track_app             I  Skipped: false 1 cost 29.599972 refreshRate 16666667 bit true processName com.example.on_track_app
2025-11-16 20:24:11.913 19383-19383 Quality                 com.example.on_track_app             I  Skipped: true 7 cost 122.47702 refreshRate 17032881 bit true processName com.example.on_track_app
2025-11-16 20:24:12.379 19383-19383 Quality                 com.example.on_track_app             I  Skipped: false 26 cost 451.54105 refreshRate 17069144 bit true processName com.example.on_track_app
2025-11-16 20:24:12.535 19383-19383 Quality                 com.example.on_track_app             I  Skipped: false 8 cost 147.56952 refreshRate 17029593 bit true processName com.example.on_track_app
2025-11-16 20:24:12.610 19383-19383 Quality                 com.example.on_track_app             I  Skipped: true 1 cost 18.548668 refreshRate 17032723 bit true processName com.example.on_track_app
2025-11-16 20:24:12.775 19383-19383 Quality                 com.example.on_track_app             I  Skipped: false 4 cost 81.13361 refreshRate 17032776 bit true processName com.example.on_track_app
2025-11-16 20:24:14.365 19383-19383 Quality                 com.example.on_track_app             I  Skipped: false 1 cost 22.1161 refreshRate 16666667 bit true processName com.example.on_track_app
2025-11-16 20:24:14.559 19383-19383 Quality                 com.example.on_track_app             I  Skipped: true 7 cost 128.00166 refreshRate 17070691 bit true processName com.example.on_track_app
2025-11-16 20:24:14.754 19383-19383 Quality                 com.example.on_track_app             I  Skipped: false 10 cost 186.17075 refreshRate 17064351 bit true processName com.example.on_track_app
2025-11-16 20:24:14.887 19383-19383 Quality                 com.example.on_track_app             I  Skipped: true 6 cost 115.50749 refreshRate 17032706 bit true processName com.example.on_track_app
2025-11-16 20:24:15.405 19383-19383 Quality                 com.example.on_track_app             I  Skipped: false 5 cost 88.50104 refreshRate 17035428 bit true processName com.example.on_track_app
2025-11-16 20:24:17.351 19383-19383 Quality                 com.example.on_track_app             I  Skipped: false 1 cost 26.871897 refreshRate 16666667 bit true processName com.example.on_track_app
2025-11-16 20:24:17.519 19383-19383 Quality                 com.example.on_track_app             I  Skipped: true 6 cost 108.20764 refreshRate 17031773 bit true processName com.example.on_track_app
2025-11-16 20:24:18.009 19383-19383 Quality                 com.example.on_track_app             I  Skipped: false 27 cost 477.90363 refreshRate 17075016 bit true processName com.example.on_track_app
2025-11-16 20:24:18.286 19383-19383 Quality                 com.example.on_track_app             I  Skipped: false 15 cost 260.78513 refreshRate 17036835 bit true processName com.example.on_track_app
2025-11-16 20:24:18.385 19383-19383 Quality                 com.example.on_track_app             I  Skipped: false 3 cost 53.582314 refreshRate 17026601 bit true processName com.example.on_track_app
2025-11-16 20:24:19.414 19383-19383 Quality                 com.example.on_track_app             I  Skipped: false 2 cost 43.795063 refreshRate 17026788 bit true processName com.example.on_track_app
2025-11-16 20:24:19.489 19383-19925 libMEOW                 com.example.on_track_app             D  meow new tls: 0xb4000075a748db40
2025-11-16 20:24:19.489 19383-19925 libMEOW                 com.example.on_track_app             D  applied 1 plugins for [com.example.on_track_app]:
2025-11-16 20:24:19.489 19383-19925 libMEOW                 com.example.on_track_app             D    plugin 1: [libMEOW_gift.so]: 0xb4000075fefa0d00
2025-11-16 20:24:19.489 19383-19925 libMEOW                 com.example.on_track_app             D  rebuild call chain: 0xb4000075a74a4a40
2025-11-16 20:24:19.490 19383-19925 libMEOW                 com.example.on_track_app             D  meow delete tls: 0xb4000075a748db40
2025-11-16 20:24:19.499 19383-19383 oplus.andr...actoryImpl com.example.on_track_app             I  get feature:IOplusDynamicVsyncFeature
2025-11-16 20:24:19.500 19383-19383 oplus.andr...actoryImpl com.example.on_track_app             I  get feature:IOplusDynamicVsyncFeature
2025-11-16 20:24:19.500 19383-19383 oplus.andr...actoryImpl com.example.on_track_app             I  get feature:IOplusDynamicVsyncFeature
2025-11-16 20:24:19.534 19383-19383 WindowManager           com.example.on_track_app             D  Add to mViews: DecorView@b8601f5[ProjectActivity],pkg= com.example.on_track_app
2025-11-16 20:24:19.543 19383-19383 ViewRootImplExtImpl     com.example.on_track_app             D  onDisplayChanged -1 for VRI android.view.ViewRootImpl@701c871
2025-11-16 20:24:19.546 19383-19383 InputEventReceiver      com.example.on_track_app             D  Input log is disabled
2025-11-16 20:24:19.547 19383-19383 VRI[MainActivity]       com.example.on_track_app             D  onFocusEvent false
2025-11-16 20:24:19.549 19383-19383 Quality                 com.example.on_track_app             I  Skipped: false 1 cost 21.708076 refreshRate 16666667 bit true processName com.example.on_track_app
2025-11-16 20:24:19.583 19383-19383 Vibrator                com.example.on_track_app             D  SystemVibrator Created
2025-11-16 20:24:20.135 19383-19383 BufferQueueConsumer     com.example.on_track_app             D  [](id:4bb700000001,api:0,p:-1,c:19383) connect: controlledByApp=false
2025-11-16 20:24:20.137 19383-19383 ZoomWindowDecorView     com.example.on_track_app             V  setLastReportedMergedConfiguration mZoomDisplayHeight: 1600 getDecorView.193331701
2025-11-16 20:24:20.231 19383-19383 VRI[ProjectActivity]    com.example.on_track_app             D  registerCallbacksForSync syncBuffer=false
2025-11-16 20:24:20.296 19383-19428 BLASTBufferQueue        com.example.on_track_app             D  [VRI[ProjectActivity]#1](f:0,a:1) acquireNextBufferLocked size=720x1600 mFrameNumber=1 applyTransaction=true mTimestamp=224233746095595(auto) mPendingTransactions.size=0 graphicBufferId=83249351098380 transform=0
2025-11-16 20:24:20.296 19383-19428 VRI[ProjectActivity]    com.example.on_track_app             D  Received frameCommittedCallback lastAttemptedDrawFrameNum=1 didProduceBuffer=true syncBuffer=false
2025-11-16 20:24:20.297 19383-19428 Parcel                  com.example.on_track_app             W  Expecting binder but got null!
2025-11-16 20:24:20.297 19383-19383 VRI[ProjectActivity]    com.example.on_track_app             D  draw finished.
2025-11-16 20:24:20.298 19383-19383 Quality                 com.example.on_track_app             I  ActivityThread: doFrame delay 750 com.example.on_track_app 19383
2025-11-16 20:24:20.315 19383-19400 OpenGLRenderer          com.example.on_track_app             I  Davey! duration=824ms; Flags=1, FrameTimelineVsyncId=104438425, IntendedVsync=224232921859699, Vsync=224232988526367, InputEventId=0, HandleInputStart=224233000139826, AnimationStart=224233000146595, PerformTraversalsStart=224233000868133, DrawStart=224233682928826, FrameDeadline=224232941859699, FrameInterval=224232999787287, FrameStartTime=17030817, SyncQueued=224233736307903, SyncStart=224233739650672, IssueDrawCommandsStart=224233739953980, SwapBuffers=224233745361980, FrameCompleted=224233749591595, DequeueBufferDuration=0, QueueBufferDuration=727692, GpuCompleted=224233749591595, SwapBuffersCompleted=224233747201441, DisplayPresentTime=0, CommandSubmissionCompleted=224233745361980, 
2025-11-16 20:24:20.349 19383-19383 Choreographer           com.example.on_track_app             I  Skipped 46 frames!  The application may be doing too much work on its main thread.
2025-11-16 20:24:20.349 19383-19383 Quality                 com.example.on_track_app             I  Skipped: false 46 cost 792.1568 refreshRate 17032125 bit true processName com.example.on_track_app
2025-11-16 20:24:20.424 19383-19400 OpenGLRenderer          com.example.on_track_app             I  Davey! duration=856ms; Flags=0, FrameTimelineVsyncId=104438528, IntendedVsync=224233008459344, Vsync=224233791937094, InputEventId=0, HandleInputStart=224233800893134, AnimationStart=224233800898364, PerformTraversalsStart=224233846133749, DrawStart=224233852977980, FrameDeadline=224233045490161, FrameInterval=224233800616134, FrameStartTime=17030817, SyncQueued=224233855503826, SyncStart=224233855795595, IssueDrawCommandsStart=224233856077980, SwapBuffers=224233861623826, FrameCompleted=224233864923210, DequeueBufferDuration=3564308, QueueBufferDuration=723385, GpuCompleted=224233864923210, SwapBuffersCompleted=224233863683903, DisplayPresentTime=0, CommandSubmissionCompleted=224233861623826, 
2025-11-16 20:24:20.443 19383-19400 OpenGLRenderer          com.example.on_track_app             I  Davey! duration=857ms; Flags=0, FrameTimelineVsyncId=104438528, IntendedVsync=224233008459344, Vsync=224233791937094, InputEventId=0, HandleInputStart=224233800893134, AnimationStart=224233800898364, PerformTraversalsStart=224233846133749, DrawStart=224233856490364, FrameDeadline=224233028459344, FrameInterval=224233800616134, FrameStartTime=17030817, SyncQueued=224233859677749, SyncStart=224233864594595, IssueDrawCommandsStart=224233864921134, SwapBuffers=224233867189672, FrameCompleted=224233871160210, DequeueBufferDuration=0, QueueBufferDuration=606231, GpuCompleted=224233871160210, SwapBuffersCompleted=224233869342903, DisplayPresentTime=224228679314902, CommandSubmissionCompleted=224233867189672, 
2025-11-16 20:24:20.449 19383-19383 VRI[ProjectActivity]    com.example.on_track_app             D  onFocusEvent true
2025-11-16 20:24:20.450 19383-19383 Quality                 com.example.on_track_app             I  Skipped: false 5 cost 91.492195 refreshRate 17031932 bit true processName com.example.on_track_app
2025-11-16 20:24:20.462 19383-19383 VRI[ProjectActivity]    com.example.on_track_app             D  registerCallbacksForSync syncBuffer=false
2025-11-16 20:24:20.470 19383-19428 VRI[ProjectActivity]    com.example.on_track_app             D  Received frameCommittedCallback lastAttemptedDrawFrameNum=3 didProduceBuffer=true syncBuffer=false
2025-11-16 20:24:20.471 19383-19383 VRI[ProjectActivity]    com.example.on_track_app             D  draw finished.
2025-11-16 20:24:20.489 19383-19383 Quality                 com.example.on_track_app             I  Skipped: false 1 cost 29.092276 refreshRate 17031808 bit true processName com.example.on_track_app
2025-11-16 20:24:20.557 19383-19383 Quality                 com.example.on_track_app             I  Skipped: true 3 cost 62.395496 refreshRate 17032569 bit true processName com.example.on_track_app
2025-11-16 20:24:20.611 19383-19383 Quality                 com.example.on_track_app             I  Skipped: true 2 cost 48.854496 refreshRate 17032067 bit true processName com.example.on_track_app
2025-11-16 20:24:20.668 19383-19383 Quality                 com.example.on_track_app             I  Skipped: true 3 cost 54.243618 refreshRate 17031783 bit true processName com.example.on_track_app
2025-11-16 20:24:20.824 19383-19609 VRI[MainActivity]       com.example.on_track_app             D  dispatchAppVisibility visible:false
2025-11-16 20:24:20.859 19383-19383 BLASTBufferQueue        com.example.on_track_app             D  [VRI[MainActivity]#0](f:0,a:1) destructor()
2025-11-16 20:24:20.859 19383-19383 BufferQueueConsumer     com.example.on_track_app             D  [VRI[MainActivity]#0(BLAST Consumer)0](id:4bb700000000,api:0,p:-1,c:19383) disconnect
2025-11-16 20:24:20.875 19383-19383 VRI[MainActivity]       com.example.on_track_app             D  setWindowStopped stopped:true
2025-11-16 20:24:20.891 19383-19383 Quality                 com.example.on_track_app             I  Skipped: false 1 cost 21.78146 refreshRate 17034116 bit true processName com.example.on_track_app
2025-11-16 20:24:22.361 19383-19383 OplusSyste...ureExtImpl com.example.on_track_app             D  regionString = null
2025-11-16 20:24:22.436 19383-19383 Quality                 com.example.on_track_app             I  Skipped: false 1 cost 17.069405 refreshRate 17035190 bit true processName com.example.on_track_app
2025-11-16 20:24:22.499 19383-19383 Quality                 com.example.on_track_app             I  Skipped: false 1 cost 28.773989 refreshRate 17035190 bit true processName com.example.on_track_app
2025-11-16 20:24:22.554 19383-19383 Quality                 com.example.on_track_app             I  Skipped: false 1 cost 32.20511 refreshRate 17035113 bit true processName com.example.on_track_app
2025-11-16 20:24:22.590 19383-19383 Quality                 com.example.on_track_app             I  Skipped: false 2 cost 34.354286 refreshRate 17035113 bit true processName com.example.on_track_app
2025-11-16 20:24:22.625 19383-19383 Quality                 com.example.on_track_app             I  Skipped: false 1 cost 18.794014 refreshRate 17031867 bit true processName com.example.on_track_app
2025-11-16 20:24:22.660 19383-19383 Quality                 com.example.on_track_app             I  Skipped: false 1 cost 19.85097 refreshRate 17031771 bit true processName com.example.on_track_app
2025-11-16 20:24:22.693 19383-19383 Quality                 com.example.on_track_app             I  Skipped: false 1 cost 18.97837 refreshRate 17031978 bit true processName com.example.on_track_app
2025-11-16 20:24:22.736 19383-19383 Quality                 com.example.on_track_app             I  Skipped: false 1 cost 27.388742 refreshRate 17031910 bit true processName com.example.on_track_app
2025-11-16 20:24:22.779 19383-19383 Quality                 com.example.on_track_app             I  Skipped: false 2 cost 35.992023 refreshRate 17031844 bit true processName com.example.on_track_app
2025-11-16 20:24:22.822 19383-19383 Quality                 com.example.on_track_app             I  Skipped: false 1 cost 28.084204 refreshRate 17031704 bit true processName com.example.on_track_app
2025-11-16 20:24:22.861 19383-19383 Quality                 com.example.on_track_app             I  Skipped: false 1 cost 33.692875 refreshRate 17031656 bit true processName com.example.on_track_app
2025-11-16 20:24:23.431 19383-19383 Quality                 com.example.on_track_app             I  Skipped: false 1 cost 23.58932 refreshRate 17037383 bit true processName com.example.on_track_app
2025-11-16 20:24:23.479 19383-19383 Quality                 com.example.on_track_app             I  Skipped: false 1 cost 20.555094 refreshRate 17038001 bit true processName com.example.on_track_app
2025-11-16 20:24:23.527 19383-19383 Quality                 com.example.on_track_app             I  Skipped: false 2 cost 34.277725 refreshRate 16666667 bit true processName com.example.on_track_app
2025-11-16 20:24:23.594 19383-19383 Quality                 com.example.on_track_app             I  Skipped: false 3 cost 53.801846 refreshRate 16666667 bit true processName com.example.on_track_app
2025-11-16 20:24:23.667 19383-19383 Quality                 com.example.on_track_app             I  Skipped: false 3 cost 56.15989 refreshRate 17036916 bit true processName com.example.on_track_app
2025-11-16 20:24:23.733 19383-19383 Quality                 com.example.on_track_app             I  Skipped: false 3 cost 53.52858 refreshRate 17097544 bit true processName com.example.on_track_app
2025-11-16 20:24:23.807 19383-19383 Quality                 com.example.on_track_app             I  Skipped: false 3 cost 58.96752 refreshRate 17076885 bit true processName com.example.on_track_app
2025-11-16 20:24:25.104 19383-19402 VRI[MainActivity]       com.example.on_track_app             D  dispatchAppVisibility visible:true
